{
  "value-returning-code-no-statement": [
    {
      "in-place": {
        "atomic": {
          "number": {
            "integer": {
              "digits": "1"
            }
          }
        }
      }
    },
    {
      "in-place": {
        "atomic": {
          "number": {
            "integer": {
              "digits": "1"
            }
          }
        }
      }
    }
  ],
  "operator": [
    "+"
  ]
}
